---
source: crates/archon-tui-test-support/src/insta_wrapper.rs
expression: rendered
---
┌Archon────────────────────────────────────────────────────────────────────────┐
│                                    Archon                                    │
│                                 press any key                                │
│                                                                              │
│                                                                              │
│                                                                              │
│                                                                              │
│                                                                              │
│                                                                              │
│                                                                              │
│                                                                              │
│                                                                              │
│                                                                              │
│                                                                              │
│                                                                              │
│                                                                              │
│                                                                              │
│                                                                              │
│                                                                              │
│                                                                              │
│                                                                              │
│                                                                              │
│                                                                              │
└──────────────────────────────────────────────────────────────────────────────┘
