---
source: crates/archon-tui-test-support/src/insta_wrapper.rs
expression: rendered
---







┌Confirm───────────────────────────────────────────────────────────────────────┐
│are you sure?                                                                 │
│                                                                              │
│                                                                              │
│                                                                              │
│                                                                              │
│                                                                              │
│                                                                              │
│                                                                              │
└──────────────────────────────────────────────────────────────────────────────┘
